// Jest Snapshot v1, https://goo.gl/fbAQLP

exports[`ArtistQuestionScreen is rendered correctly 1`] = `
<section
  className="game__screen"
>
  <h2
    className="game__title"
  >
    Кто исполняет эту песню?
  </h2>
  <div
    className="game__track"
  >
    <div
      className="track"
    >
      <button
        className="track__button track__button--play"
        disabled={true}
        onClick={[Function]}
        type="button"
      />
      <div
        className="track__status"
      >
        <audio />
      </div>
    </div>
  </div>
  <form
    className="game__artist"
  >
    <div
      className="artist"
    >
      <button
        className="artist__input visually-hidden"
        id="answer-0"
        name="answer"
        onClick={[Function]}
        type="button"
      />
      <label
        className="artist__name"
        htmlFor="answer-0"
      >
        <img
          alt="Quincas Moreira"
          className="artist__picture"
          src="https://es31-server.appspot.com/guess-melody/static/artist/Quincas_Moreira.jpg"
        />
        Quincas Moreira
      </label>
    </div>
    <div
      className="artist"
    >
      <button
        className="artist__input visually-hidden"
        id="answer-1"
        name="answer"
        onClick={[Function]}
        type="button"
      />
      <label
        className="artist__name"
        htmlFor="answer-1"
      >
        <img
          alt="Density & Time"
          className="artist__picture"
          src="https://es31-server.appspot.com/guess-melody/static/artist/Density_n_Time.jpg"
        />
        Density & Time
      </label>
    </div>
    <div
      className="artist"
    >
      <button
        className="artist__input visually-hidden"
        id="answer-2"
        name="answer"
        onClick={[Function]}
        type="button"
      />
      <label
        className="artist__name"
        htmlFor="answer-2"
      >
        <img
          alt="Endless Love"
          className="artist__picture"
          src="https://es31-server.appspot.com/guess-melody/static/artist/Endless_Love.jpg"
        />
        Endless Love
      </label>
    </div>
  </form>
</section>
`;
